* This file is a dictionary of all mob identifiers (modname:mobname) to help you.
* The MISC mobs can only be spawned as Psuedo Mobs.  They do not spawn normally.
* Some MISC things like Item Frames won't spawn propery.
* 
minecraft:allay, CREATURE
minecraft:armadillo, CREATURE
minecraft:axolotl, AXOLOTLS
minecraft:bat, AMBIENT
minecraft:bee, CREATURE
minecraft:blaze, MONSTER
minecraft:bogged, MONSTER
minecraft:breeze, MONSTER
minecraft:camel, CREATURE
minecraft:cat, CREATURE
minecraft:cave_spider, MONSTER
minecraft:chicken, CREATURE
minecraft:cod, WATER_AMBIENT
minecraft:cow, CREATURE
minecraft:creeper, MONSTER
minecraft:dolphin, WATER_CREATURE
minecraft:donkey, CREATURE
minecraft:drowned, MONSTER
minecraft:elder_guardian, MONSTER
minecraft:ender_dragon, MONSTER
minecraft:enderman, MONSTER
minecraft:endermite, MONSTER
minecraft:evoker, MONSTER
minecraft:fox, CREATURE
minecraft:frog, CREATURE
minecraft:ghast, MONSTER
minecraft:giant, MONSTER
minecraft:glow_squid, UNDERGROUND_WATER_CREATURE
minecraft:goat, CREATURE
minecraft:guardian, MONSTER
minecraft:hoglin, MONSTER
minecraft:horse, CREATURE
minecraft:husk, MONSTER
minecraft:illusioner, MONSTER
minecraft:llama, CREATURE
minecraft:magma_cube, MONSTER
minecraft:mooshroom, CREATURE
minecraft:mule, CREATURE
minecraft:ocelot, CREATURE
minecraft:panda, CREATURE
minecraft:parrot, CREATURE
minecraft:phantom, MONSTER
minecraft:pig, CREATURE
minecraft:piglin, MONSTER
minecraft:piglin_brute, MONSTER
minecraft:pillager, MONSTER
minecraft:polar_bear, CREATURE
minecraft:pufferfish, WATER_AMBIENT
minecraft:rabbit, CREATURE
minecraft:ravager, MONSTER
minecraft:salmon, WATER_AMBIENT
minecraft:sheep, CREATURE
minecraft:shulker, MONSTER
minecraft:silverfish, MONSTER
minecraft:skeleton, MONSTER
minecraft:skeleton_horse, CREATURE
minecraft:slime, MONSTER
minecraft:sniffer, CREATURE
minecraft:spider, MONSTER
minecraft:squid, WATER_CREATURE
minecraft:stray, MONSTER
minecraft:strider, CREATURE
minecraft:tadpole, CREATURE
minecraft:trader_llama, CREATURE
minecraft:tropical_fish, WATER_AMBIENT
minecraft:turtle, CREATURE
minecraft:vex, MONSTER
minecraft:vindicator, MONSTER
minecraft:wandering_trader, CREATURE
minecraft:warden, MONSTER
minecraft:witch, MONSTER
minecraft:wither, MONSTER
minecraft:wither_skeleton, MONSTER
minecraft:wolf, CREATURE
minecraft:zoglin, MONSTER
minecraft:zombie, MONSTER
minecraft:zombie_horse, CREATURE
minecraft:zombie_villager, MONSTER
minecraft:zombified_piglin, MONSTER
variantsandventures:gelid, MONSTER
variantsandventures:murk, MONSTER
variantsandventures:thicket, MONSTER
variantsandventures:verdant, MONSTER
ribbits:ribbit, CREATURE
supplementaries:red_merchant, CREATURE
supplementaries:plunderer, MONSTER
kobolds:kobold_zombie, MONSTER
kobolds:kobold_skeleton, MONSTER
kobolds:witherbold, MONSTER
dustydecorations:nautilus_golem, CREATURE
bee_queen_ds:bee_guard, MONSTER
bee_queen_ds:tamed_bee, MONSTER
gravestone:player_ghost, MONSTER
create_things_and_misc:balloon_blaze, MONSTER
ars_nouveau:starbuncle, CREATURE
ars_nouveau:alakarkinos, CREATURE
ars_nouveau:whirlisprig, CREATURE
ars_nouveau:wilden_hunter, MONSTER
ars_nouveau:summon_wolf, CREATURE
ars_nouveau:wilden_stalker, MONSTER
ars_nouveau:summon_horse, CREATURE
ars_nouveau:summon_skeleton, CREATURE
ars_nouveau:wilden_guardian, MONSTER
ars_nouveau:wilden_boss, MONSTER
ars_nouveau:drygmy, CREATURE
ars_nouveau:familiar_starbuncle, CREATURE
ars_nouveau:familiar_wixie, CREATURE
ars_nouveau:familiar_bookwyrm, CREATURE
ars_nouveau:familiar_drygmy, CREATURE
ars_nouveau:familiar_whirlisprig, CREATURE
ars_nouveau:familiar_amethyst_golem, CREATURE
ars_nouveau:cascading_weald_walker, CREATURE
ars_nouveau:flourishing_weald_walker, CREATURE
ars_nouveau:blazing_weald_walker, CREATURE
ars_nouveau:vexing_weald_walker, CREATURE
ars_nouveau:amethyst_golem, CREATURE
ars_nouveau:gift_starby, CREATURE
illagerinvasion:provoker, MONSTER
illagerinvasion:invoker, MONSTER
illagerinvasion:necromancer, MONSTER
illagerinvasion:basher, MONSTER
illagerinvasion:sorcerer, MONSTER
illagerinvasion:archivist, MONSTER
illagerinvasion:inquisitor, MONSTER
illagerinvasion:marauder, MONSTER
illagerinvasion:alchemist, MONSTER
illagerinvasion:firecaller, MONSTER
illagerinvasion:surrendered, MONSTER
doggytalents:dog, CREATURE
fairydragon:shooter_allies, MONSTER
takesapillage:archer, MONSTER
takesapillage:skirmisher, MONSTER
takesapillage:legioner, MONSTER
cataclysm:ender_golem, MONSTER
cataclysm:ender_guardian, MONSTER
cataclysm:netherite_monstrosity, MONSTER
cataclysm:netherite_ministrosity, CREATURE
cataclysm:ignis, MONSTER
cataclysm:endermaptera, MONSTER
cataclysm:deepling, MONSTER
cataclysm:deepling_brute, MONSTER
cataclysm:deepling_angler, MONSTER
cataclysm:deepling_priest, MONSTER
cataclysm:deepling_warlock, MONSTER
cataclysm:lionfish, MONSTER
cataclysm:coral_golem, MONSTER
cataclysm:coralssus, MONSTER
cataclysm:ignited_revenant, MONSTER
cataclysm:ignited_berserker, MONSTER
cataclysm:the_harbinger, MONSTER
cataclysm:the_watcher, MONSTER
cataclysm:the_prowler, MONSTER
cataclysm:the_leviathan, MONSTER
cataclysm:the_baby_leviathan, CREATURE
cataclysm:amethyst_crab, MONSTER
cataclysm:ancient_ancient_remnant, MONSTER
cataclysm:ancient_remnant, MONSTER
cataclysm:modern_remnant, CREATURE
cataclysm:koboleton, MONSTER
cataclysm:kobolediator, MONSTER
cataclysm:wadjet, MONSTER
cataclysm:maledictus, MONSTER
cataclysm:draugr, MONSTER
cataclysm:royal_draugr, MONSTER
cataclysm:elite_draugr, MONSTER
cataclysm:aptrgangr, MONSTER
cataclysm:hippocamtus, MONSTER
cataclysm:cindaria, MONSTER
cataclysm:clawdian, MONSTER
cataclysm:scylla, MONSTER
cataclysm:urchinkin, MONSTER
cataclysm:drowned_host, MONSTER
cataclysm:symbiocto, MONSTER
brewery:beer_elemental, MONSTER
goblintraders:goblin_trader, CREATURE
goblintraders:vein_goblin_trader, CREATURE
dragonsurvival:hunter_hound, MONSTER
dragonsurvival:hunter_griffin, MONSTER
dragonsurvival:hunter_spearman, MONSTER
dragonsurvival:hunter_knight, MONSTER
dragonsurvival:hunter_ambusher, MONSTER
dragonsurvival:hunter_leader, MONSTER
biomeswevegone:man_o_war, WATER_CREATURE
biomeswevegone:oddion, CREATURE
netherdepthsupgrade:lava_pufferfish, WATER_AMBIENT
netherdepthsupgrade:obsidianfish, WATER_AMBIENT
netherdepthsupgrade:searing_cod, WATER_AMBIENT
netherdepthsupgrade:bonefish, WATER_AMBIENT
netherdepthsupgrade:wither_bonefish, WATER_AMBIENT
netherdepthsupgrade:blazefish, WATER_AMBIENT
netherdepthsupgrade:magmacubefish, WATER_AMBIENT
netherdepthsupgrade:glowdine, WATER_AMBIENT
netherdepthsupgrade:soulsucker, WATER_AMBIENT
netherdepthsupgrade:fortressgrouper, WATER_AMBIENT
netherdepthsupgrade:eyeball_fish, WATER_AMBIENT
unusual_furniture:sit, MONSTER
unusual_furniture:sit_stools, MONSTER
raided:inquisitor, MONSTER
raided:incinerator, MONSTER
raided:savager, MONSTER
raided:necromancer, MONSTER
raided:electromancer, MONSTER
toxony:guided_spirit, CREATURE
enderscape:drifter, CREATURE
enderscape:driftlet, CREATURE
enderscape:rubblemite, MONSTER
enderscape:rustle, CREATURE
ars_elemental:siren_entity, WATER_CREATURE
ars_elemental:siren_familiar, WATER_CREATURE
ars_elemental:firenando_entity, CREATURE
ars_elemental:firenando_familiar, CREATURE
ars_elemental:flashjack_entity, CREATURE
ars_elemental:flashjack_familiar, CREATURE
ars_elemental:fire_mage, MONSTER
ars_elemental:water_mage, MONSTER
ars_elemental:air_mage, MONSTER
ars_elemental:earth_mage, MONSTER
ars_elemental:flashing_weald_walker, CREATURE
ars_elemental:summon_skelehorse, CREATURE
ars_elemental:summon_camel, CREATURE
ars_elemental:summon_direwolf, CREATURE
ars_elemental:summon_wskeleton, CREATURE
ars_elemental:summon_dolphin, WATER_CREATURE
ars_elemental:summon_strider, CREATURE
ars_elemental:summon_vhex, MONSTER
irons_spellbooks:debug_wizard, MONSTER
irons_spellbooks:spectral_steed, CREATURE
irons_spellbooks:summoned_vex, CREATURE
irons_spellbooks:pyromancer, MONSTER
irons_spellbooks:cryomancer, MONSTER
irons_spellbooks:necromancer, MONSTER
irons_spellbooks:summoned_polar_bear, CREATURE
irons_spellbooks:dead_king, MONSTER
irons_spellbooks:catacombs_zombie, MONSTER
irons_spellbooks:archevoker, MONSTER
irons_spellbooks:magehunter_vindicator, MONSTER
irons_spellbooks:citadel_keeper, MONSTER
irons_spellbooks:fire_boss, MONSTER
irons_spellbooks:priest, CREATURE
irons_spellbooks:apothecarist, MONSTER
irons_spellbooks:cultist, MONSTER
irons_spellbooks:cursed_armor_stand, MONSTER
irons_spellbooks:ice_spider, MONSTER
eternalnether:wex, MONSTER
eternalnether:warped_enderman, MONSTER
eternalnether:piglin_prisoner, MONSTER
eternalnether:piglin_hunter, MONSTER
eternalnether:wraither, MONSTER
eternalnether:wither_skeleton_knight, MONSTER
eternalnether:corpor, MONSTER
eternalnether:wither_skeleton_horse, CREATURE
minecolonies:citizen, CREATURE
minecolonies:visitor, CREATURE
minecolonies:mercenary, CREATURE
minecolonies:barbarian, MONSTER
minecolonies:archerbarbarian, MONSTER
minecolonies:chiefbarbarian, MONSTER
minecolonies:pirate, MONSTER
minecolonies:archerpirate, MONSTER
minecolonies:chiefpirate, MONSTER
minecolonies:mummy, MONSTER
minecolonies:archermummy, MONSTER
minecolonies:pharao, MONSTER
minecolonies:amazon, MONSTER
minecolonies:amazonspearman, MONSTER
minecolonies:amazonchief, MONSTER
minecolonies:shieldmaiden, MONSTER
minecolonies:norsemenarcher, MONSTER
minecolonies:norsemenchief, MONSTER
minecolonies:drownedpirate, MONSTER
minecolonies:drownedarcherpirate, MONSTER
minecolonies:drownedchiefpirate, MONSTER
minecolonies:campbarbarian, MONSTER
minecolonies:camparcherbarbarian, MONSTER
minecolonies:campchiefbarbarian, MONSTER
minecolonies:camppirate, MONSTER
minecolonies:camparcherpirate, MONSTER
minecolonies:campchiefpirate, MONSTER
minecolonies:campamazon, MONSTER
minecolonies:campamazonspearman, MONSTER
minecolonies:campamazonchief, MONSTER
minecolonies:campmummy, MONSTER
minecolonies:camparchermummy, MONSTER
minecolonies:camppharao, MONSTER
minecolonies:campshieldmaiden, MONSTER
minecolonies:campnorsemenarcher, MONSTER
minecolonies:campnorsemenchief, MONSTER
minecolonies:campdrownedpirate, MONSTER
minecolonies:campdrownedarcherpirate, MONSTER
minecolonies:campdrownedchiefpirate, MONSTER
