* This is the StructMobWeight report file that is output every time the server starts.
* 
* Spawn Balance Utility (SBU) will use this file ONLY if it is renamed to StructMobWeight.csv.
* Lines starting with '*' are comments and ignored
* It allows you to add and remove mobs and adjust their spawnweights for Structures
* like shipwrecks, nether fortresses, water monuments, etc.
* 
1, mns:medium_blackstone, HEADING, header:ignore, 0, 0, 0
2, mns:train, HEADING, header:ignore, 0, 0, 0
3, explorify:supply_cache/forest, HEADING, header:ignore, 0, 0, 0
4, dungeons_arise:mining_system, HEADING, header:ignore, 0, 0, 0
5, takesapillage:pillager_camp, HEADING, header:ignore, 0, 0, 0
6, formationsnether:checkerboard_temple, HEADING, header:ignore, 0, 0, 0
7, formationsoverworld:campsite, HEADING, header:ignore, 0, 0, 0
8, minecraft:ruined_portal_mountain, HEADING, header:ignore, 0, 0, 0
9, hearths:netherrack_spiral, HEADING, header:ignore, 0, 0, 0
10, ars_additions:arcane_library, HEADING, header:ignore, 0, 0, 0
11, ars_additions:arcane_library, MONSTER, ars_nouveau:wilden_guardian, 5, 5, 10
12, ars_additions:arcane_library, MONSTER, ars_nouveau:wilden_stalker, 5, 5, 10
13, ars_additions:arcane_library, MONSTER, ars_nouveau:wilden_hunter, 5, 5, 10
14, mns:very_small_blackstone_2, HEADING, header:ignore, 0, 0, 0
15, dungeons_arise:heavenly_challenger, HEADING, header:ignore, 0, 0, 0
16, mns:medium_warped_fungus, HEADING, header:ignore, 0, 0, 0
17, dungeons_arise:thornborn_towers, HEADING, header:ignore, 0, 0, 0
18, biomeswevegone:dripstone_arch, HEADING, header:ignore, 0, 0, 0
19, minecolonies:shire_colony, HEADING, header:ignore, 0, 0, 0
20, minecolonies:shire_colony, CREATURE, minecraft:cat, 30, 1, 2
21, mns:bridge_5, HEADING, header:ignore, 0, 0, 0
22, dungeons_arise:illager_campsite, HEADING, header:ignore, 0, 0, 0
23, structory_towers:nether/strange_outpost, HEADING, header:ignore, 0, 0, 0
24, mns:circle_blackstone, HEADING, header:ignore, 0, 0, 0
25, ars_additions:nexus_tower, HEADING, header:ignore, 0, 0, 0
26, structory_towers:warped_greatsword, HEADING, header:ignore, 0, 0, 0
27, minecraft:end_city, HEADING, header:ignore, 0, 0, 0
28, mns:bridge_3, HEADING, header:ignore, 0, 0, 0
29, biomeswevegone:abandoned_prairie_house, HEADING, header:ignore, 0, 0, 0
30, minecraft:fortress, HEADING, header:ignore, 0, 0, 0
31, minecraft:fortress, MONSTER, minecraft:blaze, 10, 2, 3
32, minecraft:fortress, MONSTER, minecraft:zombified_piglin, 5, 4, 4
33, minecraft:fortress, MONSTER, minecraft:wither_skeleton, 8, 5, 5
34, minecraft:fortress, MONSTER, minecraft:skeleton, 20, 5, 5
35, minecraft:fortress, MONSTER, minecraft:magma_cube, 5, 4, 4
36, minecraft:fortress, MONSTER, cataclysm:ignited_berserker, 5, 1, 1
37, explorify:badlands_pyramid, HEADING, header:ignore, 0, 0, 0
38, brewery:brewfest_tent, HEADING, header:ignore, 0, 0, 0
39, mes:mega_ship_crashed_2, HEADING, header:ignore, 0, 0, 0
40, mes:mega_ship_crashed_2, MONSTER, minecraft:shulker, 10, 2, 3
41, bettermineshafts:mineshaft_red_desert, HEADING, header:ignore, 0, 0, 0
42, minecraft:pillager_outpost, HEADING, header:ignore, 0, 0, 0
43, minecraft:pillager_outpost, MONSTER, minecraft:pillager, 5, 1, 1
44, explorations:underground_temple, HEADING, header:ignore, 0, 0, 0
45, explorations:underground_temple, MONSTER, minecraft:illusioner, 30, 4, 9
46, explorations:underground_temple, MONSTER, minecraft:pillager, 30, 4, 9
47, explorations:underground_temple, MONSTER, minecraft:vindicator, 30, 4, 9
48, mns:large_blackstone_pillars, HEADING, header:ignore, 0, 0, 0
49, dungeons_arise:mining_complex, HEADING, header:ignore, 0, 0, 0
50, dragonsurvival:treasure_end, HEADING, header:ignore, 0, 0, 0
51, minecraft:nether_fossil, HEADING, header:ignore, 0, 0, 0
52, dungeons_arise:bathhouse, HEADING, header:ignore, 0, 0, 0
53, dungeons_arise:mushroom_village, HEADING, header:ignore, 0, 0, 0
54, minecolonies:colonial_colony, HEADING, header:ignore, 0, 0, 0
55, minecolonies:colonial_colony, CREATURE, minecraft:cat, 30, 1, 2
56, bettermineshafts:mineshaft_overgrown, HEADING, header:ignore, 0, 0, 0
57, structory_towers:ocean_pillar, HEADING, header:ignore, 0, 0, 0
58, toxony:large_silver_mine, HEADING, header:ignore, 0, 0, 0
59, mns:very_small_nether_brick, HEADING, header:ignore, 0, 0, 0
60, explorations:logs, HEADING, header:ignore, 0, 0, 0
61, dragonsurvival:treasure_hunters, HEADING, header:ignore, 0, 0, 0
62, formationsoverworld:farmland_field, HEADING, header:ignore, 0, 0, 0
63, mes:mega_ship_crashed, HEADING, header:ignore, 0, 0, 0
64, mes:mega_ship_crashed, MONSTER, minecraft:shulker, 10, 2, 3
65, formationsnether:small_lava_arena, HEADING, header:ignore, 0, 0, 0
66, explorify:supply_cache/jungle, HEADING, header:ignore, 0, 0, 0
67, formationsoverworld:large_temple, HEADING, header:ignore, 0, 0, 0
68, dungeons_arise:monastery, HEADING, header:ignore, 0, 0, 0
69, structory_towers:overgrown_mangrove, HEADING, header:ignore, 0, 0, 0
70, dungeons_arise:bandit_towers, HEADING, header:ignore, 0, 0, 0
71, formationsnether:rib_cage, HEADING, header:ignore, 0, 0, 0
72, dragonsurvival:dragon_hunters_castle, HEADING, header:ignore, 0, 0, 0
73, illagerinvasion:illusioner_tower, HEADING, header:ignore, 0, 0, 0
74, betterdungeons:zombie_dungeon, HEADING, header:ignore, 0, 0, 0
75, betterdungeons:zombie_dungeon, MONSTER, minecraft:zombie, 30, 4, 15
76, mns:bridge_2, HEADING, header:ignore, 0, 0, 0
77, toxony:old_adventure_guild, HEADING, header:ignore, 0, 0, 0
78, dungeons_arise:mechanical_nest, HEADING, header:ignore, 0, 0, 0
79, biomeswevegone:village/pumpkin_patch, HEADING, header:ignore, 0, 0, 0
80, medievalend:shrine, HEADING, header:ignore, 0, 0, 0
81, minecraft:shipwreck, HEADING, header:ignore, 0, 0, 0
82, formationsoverworld:offering, HEADING, header:ignore, 0, 0, 0
83, biomeswevegone:village/red_rock, HEADING, header:ignore, 0, 0, 0
84, formationsoverworld:log_shelter, HEADING, header:ignore, 0, 0, 0
85, toxony:hunter_watchtower, HEADING, header:ignore, 0, 0, 0
86, dragonsurvival:treasure_friendly_cave, HEADING, header:ignore, 0, 0, 0
87, bettermineshafts:mineshaft_ice, HEADING, header:ignore, 0, 0, 0
88, mes:enderkeep_courtyard, HEADING, header:ignore, 0, 0, 0
89, irons_spellbooks:ancient_battleground, HEADING, header:ignore, 0, 0, 0
90, structory_towers:mirage_outpost, HEADING, header:ignore, 0, 0, 0
91, minecraft:igloo, HEADING, header:ignore, 0, 0, 0
92, biomeswevegone:aspen_manor_2, HEADING, header:ignore, 0, 0, 0
93, biomeswevegone:aspen_manor_2, MONSTER, minecraft:vindicator, 25, 2, 4
94, mns:bridge_6, HEADING, header:ignore, 0, 0, 0
95, enderscape:mirestone_ruins, HEADING, header:ignore, 0, 0, 0
96, minecraft:ocean_ruin_warm, HEADING, header:ignore, 0, 0, 0
97, formationsoverworld:stone_ore_spikes, HEADING, header:ignore, 0, 0, 0
98, mns:giant_skull, HEADING, header:ignore, 0, 0, 0
99, minecolonies:warpednetherlands_colony, HEADING, header:ignore, 0, 0, 0
100, minecolonies:warpednetherlands_colony, CREATURE, minecraft:cat, 30, 1, 2
101, betteroceanmonuments:ocean_monument, HEADING, header:ignore, 0, 0, 0
102, betteroceanmonuments:ocean_monument, MONSTER, minecraft:guardian, 5, 1, 3
103, mns:sword, HEADING, header:ignore, 0, 0, 0
104, irons_spellbooks:pyromancer_tower, HEADING, header:ignore, 0, 0, 0
105, mes:mega_ship_deepslate, HEADING, header:ignore, 0, 0, 0
106, mes:mega_ship_deepslate, MONSTER, minecraft:shulker, 10, 2, 3
107, mes:mega_ship_deepslate, MONSTER, minecraft:enderman, 20, 3, 5
108, explorify:supply_cache/taiga, HEADING, header:ignore, 0, 0, 0
109, bettermineshafts:mineshaft_mushroom, HEADING, header:ignore, 0, 0, 0
110, dungeons_arise:typhon, HEADING, header:ignore, 0, 0, 0
111, formationsoverworld:ice_castle, HEADING, header:ignore, 0, 0, 0
112, minecraft:village_plains, HEADING, header:ignore, 0, 0, 0
113, minecraft:ocean_ruin_cold, HEADING, header:ignore, 0, 0, 0
114, mns:very_small_blackstone_3, HEADING, header:ignore, 0, 0, 0
115, minecraft:trial_chambers, HEADING, header:ignore, 0, 0, 0
116, illagerinvasion:labyrinth, HEADING, header:ignore, 0, 0, 0
117, formationsoverworld:copper_spire, HEADING, header:ignore, 0, 0, 0
118, ars_nouveau:stalker_wilden_den, HEADING, header:ignore, 0, 0, 0
119, ars_nouveau:stalker_wilden_den, MONSTER, ars_nouveau:wilden_stalker, 5, 3, 3
120, mes:mega_ship_deepslate_2, HEADING, header:ignore, 0, 0, 0
121, mes:mega_ship_deepslate_2, MONSTER, minecraft:shulker, 10, 2, 3
122, mes:mega_ship_deepslate_2, MONSTER, minecraft:enderman, 20, 3, 5
123, structory_towers:nether/fortress_tower, HEADING, header:ignore, 0, 0, 0
124, mns:warped_pool, HEADING, header:ignore, 0, 0, 0
125, formationsnether:basalt_hut, HEADING, header:ignore, 0, 0, 0
126, netherdepthsupgrade:nether_fortress_piece, HEADING, header:ignore, 0, 0, 0
127, netherdepthsupgrade:nether_fortress_piece, WATER_AMBIENT, netherdepthsupgrade:blazefish, 10, 3, 4
128, irons_spellbooks:mountain_tower, HEADING, header:ignore, 0, 0, 0
129, cataclysm:cursed_pyramid, HEADING, header:ignore, 0, 0, 0
130, mns:grave_yard, HEADING, header:ignore, 0, 0, 0
131, cataclysm:ruined_citadel, HEADING, header:ignore, 0, 0, 0
132, cataclysm:ruined_citadel, MONSTER, cataclysm:endermaptera, 5, 1, 1
133, dungeons_arise:jungle_tree_house, HEADING, header:ignore, 0, 0, 0
134, dungeons_arise:lighthouse, HEADING, header:ignore, 0, 0, 0
135, bettermineshafts:mineshaft_mesa, HEADING, header:ignore, 0, 0, 0
136, mns:circle_nether_brick, HEADING, header:ignore, 0, 0, 0
137, dungeons_arise:greenwood_pub, HEADING, header:ignore, 0, 0, 0
138, irons_spellbooks:catacombs, HEADING, header:ignore, 0, 0, 0
139, irons_spellbooks:catacombs, MONSTER, irons_spellbooks:catacombs_zombie, 10, 1, 1
140, irons_spellbooks:catacombs, MONSTER, minecraft:skeleton, 5, 1, 1
141, irons_spellbooks:catacombs, MONSTER, irons_spellbooks:necromancer, 20, 1, 1
142, structory:dense_forest_ruin, HEADING, header:ignore, 0, 0, 0
143, structory:northern_ruin, HEADING, header:ignore, 0, 0, 0
144, formationsnether:campsite, HEADING, header:ignore, 0, 0, 0
145, dungeons_arise:merchant_campsite, HEADING, header:ignore, 0, 0, 0
146, toxony:lost_silver_mine, HEADING, header:ignore, 0, 0, 0
147, dungeons_arise:heavenly_rider, HEADING, header:ignore, 0, 0, 0
148, biomeswevegone:lush_arch, HEADING, header:ignore, 0, 0, 0
149, betterwitchhuts:witch_hut, HEADING, header:ignore, 0, 0, 0
150, betterwitchhuts:witch_hut, MONSTER, minecraft:witch, 5, 1, 1
151, betterwitchhuts:witch_hut, CREATURE, minecraft:cat, 5, 1, 1
152, minecolonies:desertoasis_colony, HEADING, header:ignore, 0, 0, 0
153, minecolonies:desertoasis_colony, CREATURE, minecraft:cat, 30, 1, 2
154, betterdungeons:spider_dungeon, HEADING, header:ignore, 0, 0, 0
155, betterdungeons:spider_dungeon, MONSTER, minecraft:spider, 30, 4, 15
156, betterdungeons:spider_dungeon, MONSTER, minecraft:cave_spider, 30, 4, 8
157, bettermineshafts:mineshaft_spruce_snowy, HEADING, header:ignore, 0, 0, 0
158, formationsnether:sphere_cage, HEADING, header:ignore, 0, 0, 0
159, betterdungeons:small_nether_dungeon, HEADING, header:ignore, 0, 0, 0
160, minecraft:ruined_portal_ocean, HEADING, header:ignore, 0, 0, 0
161, explorations:slime_cave, HEADING, header:ignore, 0, 0, 0
162, ivp:small_village_taiga, HEADING, header:ignore, 0, 0, 0
163, eternalnether:piglin_manor, HEADING, header:ignore, 0, 0, 0
164, eternalnether:piglin_manor, MONSTER, minecraft:piglin, 20, 1, 1
165, eternalnether:piglin_manor, MONSTER, eternalnether:piglin_hunter, 5, 1, 1
166, irons_spellbooks:impaled_icebreaker, HEADING, header:ignore, 0, 0, 0
167, mns:very_small_blackstone_4, HEADING, header:ignore, 0, 0, 0
168, illagerinvasion:firecaller_hut, HEADING, header:ignore, 0, 0, 0
169, eternalnether:catacomb, HEADING, header:ignore, 0, 0, 0
170, eternalnether:catacomb, MONSTER, minecraft:magma_cube, 5, 1, 1
171, ivp:small_village_plains, HEADING, header:ignore, 0, 0, 0
172, formationsoverworld:bamboo_hut, HEADING, header:ignore, 0, 0, 0
173, biomeswevegone:large_cold_lake, HEADING, header:ignore, 0, 0, 0
174, biomeswevegone:large_cold_lake, WATER_AMBIENT, minecraft:salmon, 5, 4, 10
175, structory:jungle_ruin, HEADING, header:ignore, 0, 0, 0
176, structory:jungle_ruin, MONSTER, minecraft:creeper, 10, 4, 4
177, structory_towers:wizard_tower, HEADING, header:ignore, 0, 0, 0
178, medievalend:ship, HEADING, header:ignore, 0, 0, 0
179, formationsnether:respawn_anchor_altar, HEADING, header:ignore, 0, 0, 0
180, dungeons_arise:aviary, HEADING, header:ignore, 0, 0, 0
181, dungeons_arise:aviary, MONSTER, minecraft:phantom, 30, 2, 3
182, explorations:large_oak_tree, HEADING, header:ignore, 0, 0, 0
183, ars_nouveau:hunter_wilden_den, HEADING, header:ignore, 0, 0, 0
184, ars_nouveau:hunter_wilden_den, MONSTER, ars_nouveau:wilden_hunter, 5, 3, 3
185, mes:mystical_archway, HEADING, header:ignore, 0, 0, 0
186, dragonsurvival:dragon_skeleton_sea, HEADING, header:ignore, 0, 0, 0
187, explorations:shrine, HEADING, header:ignore, 0, 0, 0
188, minecolonies:barbarian_camp, HEADING, header:ignore, 0, 0, 0
189, explorify:desert_shrine, HEADING, header:ignore, 0, 0, 0
190, dungeons_arise:scorched_mines, HEADING, header:ignore, 0, 0, 0
191, explorify:farmstead, HEADING, header:ignore, 0, 0, 0
192, structory_towers:ancient_temple, HEADING, header:ignore, 0, 0, 0
193, mns:medium_crimson_fungus, HEADING, header:ignore, 0, 0, 0
194, ivp:small_village_desert, HEADING, header:ignore, 0, 0, 0
195, adventuredungeons:ruins_standard, HEADING, header:ignore, 0, 0, 0
196, catasucks:acropolis, HEADING, header:ignore, 0, 0, 0
197, minecolonies:incan_colony, HEADING, header:ignore, 0, 0, 0
198, minecolonies:incan_colony, CREATURE, minecraft:cat, 30, 1, 2
199, medievalend:house, HEADING, header:ignore, 0, 0, 0
200, mes:enderbloom_grove, HEADING, header:ignore, 0, 0, 0
201, minecraft:village_desert, HEADING, header:ignore, 0, 0, 0
202, cataclysm:burning_arena, HEADING, header:ignore, 0, 0, 0
203, mes:mega_ship_basic, HEADING, header:ignore, 0, 0, 0
204, mes:mega_ship_basic, MONSTER, minecraft:shulker, 10, 2, 3
205, mes:mega_ship_basic, MONSTER, minecraft:enderman, 20, 3, 5
206, formationsnether:large_house, HEADING, header:ignore, 0, 0, 0
207, explorify:watchtower/savanna, HEADING, header:ignore, 0, 0, 0
208, illagerinvasion:sorcerer_hut, HEADING, header:ignore, 0, 0, 0
209, bettermineshafts:mineshaft_lush, HEADING, header:ignore, 0, 0, 0
210, mns:medium_crimson_well, HEADING, header:ignore, 0, 0, 0
211, catasucks:sunken_city, HEADING, header:ignore, 0, 0, 0
212, bettermineshafts:mineshaft_spruce, HEADING, header:ignore, 0, 0, 0
213, dungeons_arise:foundry, HEADING, header:ignore, 0, 0, 0
214, ribbits:ribbit_village, HEADING, header:ignore, 0, 0, 0
215, structory_towers:nether/warped_outpost, HEADING, header:ignore, 0, 0, 0
216, mes:monolith, HEADING, header:ignore, 0, 0, 0
217, ars_elemental:starbuncle_shrine, HEADING, header:ignore, 0, 0, 0
218, ars_elemental:starbuncle_shrine, CREATURE, ars_nouveau:starbuncle, 5, 1, 3
219, biomeswevegone:sharpened_rock, HEADING, header:ignore, 0, 0, 0
220, catasucks:soul_black_smith, HEADING, header:ignore, 0, 0, 0
221, dungeons_arise:mushroom_house, HEADING, header:ignore, 0, 0, 0
222, adventuredungeons:coldlair, HEADING, header:ignore, 0, 0, 0
223, betterstrongholds:stronghold, HEADING, header:ignore, 0, 0, 0
224, structory_towers:nomad_outpost, HEADING, header:ignore, 0, 0, 0
225, structory:boat, HEADING, header:ignore, 0, 0, 0
226, adventuredungeons:ruins_snow, HEADING, header:ignore, 0, 0, 0
227, adventuredungeons:murkydungeon, HEADING, header:ignore, 0, 0, 0
228, structory_towers:end/end_tower, HEADING, header:ignore, 0, 0, 0
229, minecraft:monument, HEADING, header:ignore, 0, 0, 0
230, minecraft:monument, MONSTER, minecraft:guardian, 5, 2, 4
231, mns:large_nether_brick, HEADING, header:ignore, 0, 0, 0
232, minecraft:ruined_portal, HEADING, header:ignore, 0, 0, 0
233, minecraft:swamp_hut, HEADING, header:ignore, 0, 0, 0
234, minecraft:swamp_hut, MONSTER, minecraft:witch, 5, 1, 1
235, minecraft:swamp_hut, CREATURE, minecraft:cat, 5, 1, 1
236, mns:bridge_1, HEADING, header:ignore, 0, 0, 0
237, structory:ruin_grassy, HEADING, header:ignore, 0, 0, 0
238, mns:medium_crimson_fungus_2, HEADING, header:ignore, 0, 0, 0
239, mns:ruined_portal, HEADING, header:ignore, 0, 0, 0
240, biomeswevegone:prairie_house, HEADING, header:ignore, 0, 0, 0
241, minecraft:shipwreck_beached, HEADING, header:ignore, 0, 0, 0
242, explorations:campsite, HEADING, header:ignore, 0, 0, 0
243, minecolonies:lostmesacity_colony, HEADING, header:ignore, 0, 0, 0
244, minecolonies:lostmesacity_colony, CREATURE, minecraft:cat, 30, 1, 2
245, mns:warped_dome, HEADING, header:ignore, 0, 0, 0
246, formationsoverworld:log_spikes, HEADING, header:ignore, 0, 0, 0
247, structory:abandoned_chapel, HEADING, header:ignore, 0, 0, 0
248, catasucks:burning_arena, HEADING, header:ignore, 0, 0, 0
249, minecolonies:desert_camp, HEADING, header:ignore, 0, 0, 0
250, dungeons_arise:bandit_village, HEADING, header:ignore, 0, 0, 0
251, biomeswevegone:village/salem, HEADING, header:ignore, 0, 0, 0
252, toxony:old_experiment_house, HEADING, header:ignore, 0, 0, 0
253, catasucks:frosted_prison, HEADING, header:ignore, 0, 0, 0
254, dragonsurvival:treasure_angry_sea, HEADING, header:ignore, 0, 0, 0
255, dragonsurvival:treasure_friendly_forest, HEADING, header:ignore, 0, 0, 0
256, formationsoverworld:cobble_hole, HEADING, header:ignore, 0, 0, 0
257, minecraft:jungle_pyramid, HEADING, header:ignore, 0, 0, 0
258, structory_towers:sacred_relic_temple, HEADING, header:ignore, 0, 0, 0
259, enderscape:end_city, HEADING, header:ignore, 0, 0, 0
260, explorify:mausoleum, HEADING, header:ignore, 0, 0, 0
261, adventuredungeons:bygonedungeon, HEADING, header:ignore, 0, 0, 0
262, bettermineshafts:mineshaft_oak, HEADING, header:ignore, 0, 0, 0
263, nova_structures:illager_manor, HEADING, header:ignore, 0, 0, 0
264, explorify:ruins, HEADING, header:ignore, 0, 0, 0
265, mns:medium_house_2, HEADING, header:ignore, 0, 0, 0
266, takesapillage:bastille, HEADING, header:ignore, 0, 0, 0
267, dungeons_arise:abandoned_temple, HEADING, header:ignore, 0, 0, 0
268, dungeons_arise:abandoned_temple, MONSTER, minecraft:stray, 5, 1, 1
269, formationsoverworld:mesoamerican_temple, HEADING, header:ignore, 0, 0, 0
270, explorify:watchtower/taiga, HEADING, header:ignore, 0, 0, 0
271, structory:taiga_ruin_surface, HEADING, header:ignore, 0, 0, 0
272, mes:mega_ship, HEADING, header:ignore, 0, 0, 0
273, mes:mega_ship, MONSTER, minecraft:shulker, 10, 2, 3
274, formationsnether:parkour_challenge, HEADING, header:ignore, 0, 0, 0
275, formationsoverworld:meteor, HEADING, header:ignore, 0, 0, 0
276, bettermineshafts:mineshaft_jungle, HEADING, header:ignore, 0, 0, 0
277, formationsoverworld:hobbit_hole, HEADING, header:ignore, 0, 0, 0
278, enderscape:large_center_gateway, HEADING, header:ignore, 0, 0, 0
279, irons_spellbooks:citadel, HEADING, header:ignore, 0, 0, 0
280, explorify:watchtower/plains, HEADING, header:ignore, 0, 0, 0
281, mns:sandy_skull, HEADING, header:ignore, 0, 0, 0
282, ds_aether_addon:taigaskyland, HEADING, header:ignore, 0, 0, 0
283, mns:shrine, HEADING, header:ignore, 0, 0, 0
284, minecolonies:medieval_spruce_colony, HEADING, header:ignore, 0, 0, 0
285, minecolonies:medieval_spruce_colony, CREATURE, minecraft:cat, 30, 1, 2
286, biomeswevegone:aspen_manor_1, HEADING, header:ignore, 0, 0, 0
287, biomeswevegone:aspen_manor_1, MONSTER, minecraft:vindicator, 25, 2, 4
288, dragonsurvival:treasure_angry_forest, HEADING, header:ignore, 0, 0, 0
289, formationsnether:flaming_pillar, HEADING, header:ignore, 0, 0, 0
290, ivp:small_village_savanna, HEADING, header:ignore, 0, 0, 0
291, structory_towers:taiga_outpost, HEADING, header:ignore, 0, 0, 0
292, structory_towers:taiga_outpost, MONSTER, minecraft:pillager, 5, 1, 1
293, dungeons_arise:coliseum, HEADING, header:ignore, 0, 0, 0
294, explorify:black_spiral, HEADING, header:ignore, 0, 0, 0
295, explorify:mangrove_hut, HEADING, header:ignore, 0, 0, 0
296, dungeons_arise:shiraz_palace, HEADING, header:ignore, 0, 0, 0
297, minecraft:mineshaft, HEADING, header:ignore, 0, 0, 0
298, formationsnether:nether_wart_field, HEADING, header:ignore, 0, 0, 0
299, mns:medium_warped_fungus_2, HEADING, header:ignore, 0, 0, 0
300, formationsoverworld:tiny_house, HEADING, header:ignore, 0, 0, 0
301, dungeons_arise:heavenly_conqueror, HEADING, header:ignore, 0, 0, 0
302, hearths:crimson_tower, HEADING, header:ignore, 0, 0, 0
303, hearths:crimson_tower, MONSTER, minecraft:blaze, 5, 1, 2
304, hearths:crimson_tower, MONSTER, minecraft:piglin, 10, 3, 5
305, hearths:crimson_tower, MONSTER, minecraft:magma_cube, 5, 4, 4
306, explorations:desert_ruin, HEADING, header:ignore, 0, 0, 0
307, illagerinvasion:illager_fort, HEADING, header:ignore, 0, 0, 0
308, illagerinvasion:illager_fort, MONSTER, minecraft:pillager, 5, 1, 1
309, illagerinvasion:illager_fort, MONSTER, illagerinvasion:marauder, 5, 1, 1
310, illagerinvasion:illager_fort, MONSTER, illagerinvasion:basher, 5, 1, 1
311, illagerinvasion:illager_fort, MONSTER, illagerinvasion:provoker, 5, 1, 1
312, hearths:warped_tower, HEADING, header:ignore, 0, 0, 0
313, hearths:warped_tower, MONSTER, minecraft:enderman, 5, 1, 2
314, hearths:warped_tower, MONSTER, minecraft:piglin, 10, 3, 5
315, hearths:warped_tower, MONSTER, minecraft:magma_cube, 5, 4, 4
316, dragonsurvival:treasure_angry_cave, HEADING, header:ignore, 0, 0, 0
317, enderscape:center_gateway, HEADING, header:ignore, 0, 0, 0
318, mns:nether_wart_farm, HEADING, header:ignore, 0, 0, 0
319, dungeons_arise:infested_temple, HEADING, header:ignore, 0, 0, 0
320, formationsoverworld:stone_tower, HEADING, header:ignore, 0, 0, 0
321, dungeons_arise:small_blimp, HEADING, header:ignore, 0, 0, 0
322, betterfortresses:fortress, HEADING, header:ignore, 0, 0, 0
323, betterfortresses:fortress, MONSTER, minecraft:blaze, 10, 2, 3
324, betterfortresses:fortress, MONSTER, minecraft:zombified_piglin, 5, 4, 4
325, betterfortresses:fortress, MONSTER, minecraft:wither_skeleton, 8, 5, 5
326, betterfortresses:fortress, MONSTER, minecraft:skeleton, 20, 5, 5
327, betterfortresses:fortress, MONSTER, minecraft:magma_cube, 5, 4, 4
328, catasucks:ancient_factory, HEADING, header:ignore, 0, 0, 0
329, minecraft:trail_ruins, HEADING, header:ignore, 0, 0, 0
330, betterwitchhuts:witch_circle, HEADING, header:ignore, 0, 0, 0
331, betterwitchhuts:witch_circle, MONSTER, minecraft:witch, 5, 1, 1
332, betterwitchhuts:witch_circle, CREATURE, minecraft:cat, 5, 1, 1
333, structory:graveyard, HEADING, header:ignore, 0, 0, 0
334, dungeons_arise:illager_windmill, HEADING, header:ignore, 0, 0, 0
335, formationsoverworld:wagon, HEADING, header:ignore, 0, 0, 0
336, formationsoverworld:mushroom_hut, HEADING, header:ignore, 0, 0, 0
337, explorify:supply_cache/mangrove, HEADING, header:ignore, 0, 0, 0
338, mns:warped_house, HEADING, header:ignore, 0, 0, 0
339, mns:warped_house, MONSTER, minecraft:piglin, 30, 1, 2
340, structory:swamp_ruin, HEADING, header:ignore, 0, 0, 0
341, mns:medium_house, HEADING, header:ignore, 0, 0, 0
342, formationsoverworld:ice_spire, HEADING, header:ignore, 0, 0, 0
343, cataclysm:acropolis, HEADING, header:ignore, 0, 0, 0
344, adventuredungeons:underground_camp, HEADING, header:ignore, 0, 0, 0
345, mns:medium_warped_well, HEADING, header:ignore, 0, 0, 0
346, minecraft:mineshaft_mesa, HEADING, header:ignore, 0, 0, 0
347, additionalstructures:scarecrow, HEADING, header:ignore, 0, 0, 0
348, formationsoverworld:small_house, HEADING, header:ignore, 0, 0, 0
349, mes:astral_meteorite, HEADING, header:ignore, 0, 0, 0
350, structory_towers:lighthouse, HEADING, header:ignore, 0, 0, 0
351, kobolds:kobold_den_pirate, HEADING, header:ignore, 0, 0, 0
352, dungeons_arise:giant_mushroom, HEADING, header:ignore, 0, 0, 0
353, mns:crimson_forge, HEADING, header:ignore, 0, 0, 0
354, explorify:supply_cache/birch, HEADING, header:ignore, 0, 0, 0
355, medievalend:pyramid, HEADING, header:ignore, 0, 0, 0
356, endersdelight:end_house, HEADING, header:ignore, 0, 0, 0
357, mes:astral_hideaway, HEADING, header:ignore, 0, 0, 0
358, explorify:guide_post_warm, HEADING, header:ignore, 0, 0, 0
359, mns:copper_tower, HEADING, header:ignore, 0, 0, 0
360, formationsnether:small_pedestal, HEADING, header:ignore, 0, 0, 0
361, biomeswevegone:village/swamp, HEADING, header:ignore, 0, 0, 0
362, kobolds:kobold_den, HEADING, header:ignore, 0, 0, 0
363, structory_towers:small_firetower, HEADING, header:ignore, 0, 0, 0
364, structory:outcast_villager_desert, HEADING, header:ignore, 0, 0, 0
365, mns:large_house_1, HEADING, header:ignore, 0, 0, 0
366, formationsnether:quartz_spikes, HEADING, header:ignore, 0, 0, 0
367, explorations:floating_island, HEADING, header:ignore, 0, 0, 0
368, explorations:jungle_temple, HEADING, header:ignore, 0, 0, 0
369, mes:phantom_citadel, HEADING, header:ignore, 0, 0, 0
370, mes:enderwatch_tower, HEADING, header:ignore, 0, 0, 0
371, dragonsurvival:dragon_skeleton_cave, HEADING, header:ignore, 0, 0, 0
372, formationsoverworld:graveyard, HEADING, header:ignore, 0, 0, 0
373, biomeswevegone:red_rock_arch, HEADING, header:ignore, 0, 0, 0
374, minecraft:ancient_city, HEADING, header:ignore, 0, 0, 0
375, bettermineshafts:mineshaft_desert, HEADING, header:ignore, 0, 0, 0
376, cataclysm:sunken_city, HEADING, header:ignore, 0, 0, 0
377, structory_towers:farmer_outpost, HEADING, header:ignore, 0, 0, 0
378, mes:placid_prairie, HEADING, header:ignore, 0, 0, 0
379, mns:very_small_nether_brick_2, HEADING, header:ignore, 0, 0, 0
380, structory:outcast_villager_grassy, HEADING, header:ignore, 0, 0, 0
381, mes:enderskog, HEADING, header:ignore, 0, 0, 0
382, formationsnether:blackstone_remnant, HEADING, header:ignore, 0, 0, 0
383, formationsoverworld:tower_remnant, HEADING, header:ignore, 0, 0, 0
384, minecolonies:medieval_birch_colony, HEADING, header:ignore, 0, 0, 0
385, minecolonies:medieval_birch_colony, CREATURE, minecraft:cat, 30, 1, 2
386, minecraft:ruined_portal_nether, HEADING, header:ignore, 0, 0, 0
387, minecolonies:medieval_dark_oak_colony, HEADING, header:ignore, 0, 0, 0
388, minecolonies:medieval_dark_oak_colony, CREATURE, minecraft:cat, 30, 1, 2
389, explorify:supply_cache/dark, HEADING, header:ignore, 0, 0, 0
390, minecraft:ruined_portal_desert, HEADING, header:ignore, 0, 0, 0
391, biomeswevegone:rugged_fossil, HEADING, header:ignore, 0, 0, 0
392, mes:starlight_voyager, HEADING, header:ignore, 0, 0, 0
393, biomeswevegone:ironwood_gour_plateau, HEADING, header:ignore, 0, 0, 0
394, minecolonies:caledonia_colony, HEADING, header:ignore, 0, 0, 0
395, minecolonies:caledonia_colony, CREATURE, minecraft:cat, 30, 1, 2
396, malum:weeping_well, HEADING, header:ignore, 0, 0, 0
397, mes:enderpin_spikes, HEADING, header:ignore, 0, 0, 0
398, medievalend:castle, HEADING, header:ignore, 0, 0, 0
399, dungeons_arise:illager_corsair, HEADING, header:ignore, 0, 0, 0
400, mns:leafy_rubble, HEADING, header:ignore, 0, 0, 0
401, mns:large_blackstone_walls, HEADING, header:ignore, 0, 0, 0
402, dungeons_arise:illager_fort, HEADING, header:ignore, 0, 0, 0
403, formationsnether:ore_shard, HEADING, header:ignore, 0, 0, 0
404, betterdungeons:skeleton_dungeon, HEADING, header:ignore, 0, 0, 0
405, betterdungeons:skeleton_dungeon, MONSTER, minecraft:skeleton, 30, 4, 15
406, cataclysm:soul_black_smith, HEADING, header:ignore, 0, 0, 0
407, formationsoverworld:small_temple, HEADING, header:ignore, 0, 0, 0
408, minecraft:mansion, HEADING, header:ignore, 0, 0, 0
409, mes:ruined_pillar, HEADING, header:ignore, 0, 0, 0
410, explorations:forgotten_well, HEADING, header:ignore, 0, 0, 0
411, dungeons_arise:wishing_well, HEADING, header:ignore, 0, 0, 0
412, ars_nouveau:guardian_wilden_den, HEADING, header:ignore, 0, 0, 0
413, ars_nouveau:guardian_wilden_den, MONSTER, ars_nouveau:wilden_guardian, 5, 1, 3
414, dungeons_arise:kisegi_sanctuary, HEADING, header:ignore, 0, 0, 0
415, adventuredungeons:ruins_desert, HEADING, header:ignore, 0, 0, 0
416, mns:soul_fire, HEADING, header:ignore, 0, 0, 0
417, explorify:guide_post_cold, HEADING, header:ignore, 0, 0, 0
418, dungeons_arise:undead_pirate_ship, HEADING, header:ignore, 0, 0, 0
419, cataclysm:ancient_factory, HEADING, header:ignore, 0, 0, 0
420, bettermineshafts:mineshaft_acacia, HEADING, header:ignore, 0, 0, 0
421, dungeons_arise:mushroom_mines, HEADING, header:ignore, 0, 0, 0
422, structory_towers:foraging_outpost, HEADING, header:ignore, 0, 0, 0
423, minecraft:desert_pyramid, HEADING, header:ignore, 0, 0, 0
424, structory_towers:engineer_tower, HEADING, header:ignore, 0, 0, 0
425, dungeons_arise:illager_galley, HEADING, header:ignore, 0, 0, 0
426, eternalnether:citadel, HEADING, header:ignore, 0, 0, 0
427, eternalnether:citadel, MONSTER, minecraft:enderman, 5, 1, 1
428, eternalnether:citadel, MONSTER, eternalnether:warped_enderman, 5, 1, 1
429, adventuredungeons:trialrooms, HEADING, header:ignore, 0, 0, 0
430, ars_additions:ruined_portal, HEADING, header:ignore, 0, 0, 0
431, dungeons_arise:keep_kayra, HEADING, header:ignore, 0, 0, 0
432, dungeons_arise:ceryneian_hind, HEADING, header:ignore, 0, 0, 0
433, biomeswevegone:village/forgotten, HEADING, header:ignore, 0, 0, 0
434, structory:taiga_ruin_underground, HEADING, header:ignore, 0, 0, 0
435, mes:mega_ship_deepslate_3, HEADING, header:ignore, 0, 0, 0
436, mes:mega_ship_deepslate_3, MONSTER, minecraft:shulker, 10, 2, 3
437, mes:mega_ship_deepslate_3, MONSTER, minecraft:enderman, 20, 3, 5
438, minecraft:stronghold, HEADING, header:ignore, 0, 0, 0
439, mes:ender_spire, HEADING, header:ignore, 0, 0, 0
440, mns:small_nether_brick, HEADING, header:ignore, 0, 0, 0
441, structory:firetower, HEADING, header:ignore, 0, 0, 0
442, structory_towers:quarter_outpost, HEADING, header:ignore, 0, 0, 0
443, minecraft:bastion_remnant, HEADING, header:ignore, 0, 0, 0
444, minecraft:ruined_portal_jungle, HEADING, header:ignore, 0, 0, 0
445, formationsnether:large_tree, HEADING, header:ignore, 0, 0, 0
446, minecraft:village_snowy, HEADING, header:ignore, 0, 0, 0
447, explorify:dark_forest_settlement, HEADING, header:ignore, 0, 0, 0
448, formationsnether:blackstone_castle, HEADING, header:ignore, 0, 0, 0
449, explorify:campsite, HEADING, header:ignore, 0, 0, 0
450, minecolonies:amazon_camp, HEADING, header:ignore, 0, 0, 0
451, formationsnether:small_lava_shrine, HEADING, header:ignore, 0, 0, 0
452, formationsoverworld:fountain, HEADING, header:ignore, 0, 0, 0
453, supplementaries:galleon, HEADING, header:ignore, 0, 0, 0
454, mns:crimson_lava_well, HEADING, header:ignore, 0, 0, 0
455, structory:old_manor, HEADING, header:ignore, 0, 0, 0
456, catasucks:ruined_citadel, HEADING, header:ignore, 0, 0, 0
457, catasucks:ruined_citadel, MONSTER, cataclysm:endermaptera, 5, 1, 1
458, minecraft:village_taiga, HEADING, header:ignore, 0, 0, 0
459, formationsnether:large_pedestal, HEADING, header:ignore, 0, 0, 0
460, structory:abandoned_camp, HEADING, header:ignore, 0, 0, 0
461, mns:nether_tower, HEADING, header:ignore, 0, 0, 0
462, explorify:end_shipwreck, HEADING, header:ignore, 0, 0, 0
463, formationsoverworld:desert_houses, HEADING, header:ignore, 0, 0, 0
464, formationsoverworld:igloo, HEADING, header:ignore, 0, 0, 0
465, dungeons_arise:fishing_hut, HEADING, header:ignore, 0, 0, 0
466, formationsoverworld:witch_tower, HEADING, header:ignore, 0, 0, 0
467, minecolonies:ship, HEADING, header:ignore, 0, 0, 0
468, structory_towers:pillager_lookout, HEADING, header:ignore, 0, 0, 0
469, structory_towers:pillager_lookout, MONSTER, minecraft:pillager, 5, 1, 1
470, villagesandpillages:village_witch, HEADING, header:ignore, 0, 0, 0
471, villagesandpillages:village_witch, MONSTER, minecraft:witch, 5, 4, 8
472, villagesandpillages:village_witch, CREATURE, minecraft:cat, 5, 2, 4
473, irons_spellbooks:ice_spider_den, HEADING, header:ignore, 0, 0, 0
474, mns:smoking_shrine, HEADING, header:ignore, 0, 0, 0
475, ds_aether_addon:cherryskyland, HEADING, header:ignore, 0, 0, 0
476, biomeswevegone:village/skyris, HEADING, header:ignore, 0, 0, 0
477, minecraft:village_savanna, HEADING, header:ignore, 0, 0, 0
478, mes:manuscript_shrine, HEADING, header:ignore, 0, 0, 0
479, betterdungeons:small_dungeon, HEADING, header:ignore, 0, 0, 0
480, mns:very_small_blackstone, HEADING, header:ignore, 0, 0, 0
481, mns:bridge_4, HEADING, header:ignore, 0, 0, 0
482, formationsnether:small_fire_arena, HEADING, header:ignore, 0, 0, 0
483, bettermineshafts:mineshaft_dripstone, HEADING, header:ignore, 0, 0, 0
484, irons_spellbooks:mangrove_hut, HEADING, header:ignore, 0, 0, 0
485, minecolonies:asian_colony, HEADING, header:ignore, 0, 0, 0
486, minecolonies:asian_colony, CREATURE, minecraft:cat, 30, 1, 2
487, mns:very_small_nether_brick_3, HEADING, header:ignore, 0, 0, 0
488, ivp:small_village_snowy, HEADING, header:ignore, 0, 0, 0
489, mes:mythic_garden, HEADING, header:ignore, 0, 0, 0
490, betterjungletemples:jungle_temple, HEADING, header:ignore, 0, 0, 0
491, mes:endscraps, HEADING, header:ignore, 0, 0, 0
492, minecraft:buried_treasure, HEADING, header:ignore, 0, 0, 0
493, mes:mega_ship_crashed_deepslate, HEADING, header:ignore, 0, 0, 0
494, mes:mega_ship_crashed_deepslate, MONSTER, minecraft:shulker, 10, 1, 2
495, formationsoverworld:raft, HEADING, header:ignore, 0, 0, 0
496, catasucks:cursed_pyramid, HEADING, header:ignore, 0, 0, 0
497, supplementaries:road_sign, HEADING, header:ignore, 0, 0, 0
498, minecolonies:medieval_oak_colony, HEADING, header:ignore, 0, 0, 0
499, minecolonies:medieval_oak_colony, CREATURE, minecraft:cat, 30, 1, 2
500, ds_aether_addon:jungleskyland, HEADING, header:ignore, 0, 0, 0
501, formationsoverworld:small_statue, HEADING, header:ignore, 0, 0, 0
502, explorify:tavern, HEADING, header:ignore, 0, 0, 0
503, mns:lava_pool, HEADING, header:ignore, 0, 0, 0
504, ars_additions:ruined_portal_large, HEADING, header:ignore, 0, 0, 0
505, structory_towers:great_toadstool, HEADING, header:ignore, 0, 0, 0
506, minecraft:ruined_portal_swamp, HEADING, header:ignore, 0, 0, 0
507, explorify:supply_cache/desert, HEADING, header:ignore, 0, 0, 0
508, dragonsurvival:treasure_friendly_sea, HEADING, header:ignore, 0, 0, 0
509, irons_spellbooks:evoker_fort, HEADING, header:ignore, 0, 0, 0
510, irons_spellbooks:evoker_fort, MONSTER, minecraft:pillager, 10, 2, 3
511, irons_spellbooks:evoker_fort, MONSTER, minecraft:vindicator, 5, 4, 4
512, dragonsurvival:dragon_skeleton_forest, HEADING, header:ignore, 0, 0, 0
513, cataclysm:frosted_prison, HEADING, header:ignore, 0, 0, 0
514, formationsnether:obsidian_pillar, HEADING, header:ignore, 0, 0, 0
515, biomeswevegone:bog_trial, HEADING, header:ignore, 0, 0, 0
516, dungeons_arise:plague_asylum, HEADING, header:ignore, 0, 0, 0
517, formationsoverworld:well, HEADING, header:ignore, 0, 0, 0
